
[2025-12-18T20:16:45.243Z] Request ID: fbcfc2dc-3714-428f-b937-7f833d936854
Method: GET
URL: /giving/donations
User: {"sub":"14d2d79b-2092-4f8a-b592-e8f0d910a8ba","email":"admin@hlag.com","role":"SUPER_ADMIN","iat":1766088995,"exp":1766089895}
Body: {}
Status: 500
Message: "Internal server error"
Stack: PrismaClientKnownRequestError: 
Invalid `this.prisma.donation.findMany()` invocation in
C:\Users\Gabriel Kwaku Kusi\Downloads\HLC_AG_SM\backend\src\giving\giving.service.ts:56:37

  53 }
  54 
  55 findAllDonations() {
→ 56     return this.prisma.donation.findMany(
The column `Donation.note` does not exist in the current database.
    at $n.handleRequestError (C:\Users\Gabriel Kwaku Kusi\Downloads\HLC_AG_SM\backend\node_modules\@prisma\client\runtime\library.js:121:7315)
    at $n.handleAndLogRequestError (C:\Users\Gabriel Kwaku Kusi\Downloads\HLC_AG_SM\backend\node_modules\@prisma\client\runtime\library.js:121:6623)
    at $n.request (C:\Users\Gabriel Kwaku Kusi\Downloads\HLC_AG_SM\backend\node_modules\@prisma\client\runtime\library.js:121:6307)
    at async l (C:\Users\Gabriel Kwaku Kusi\Downloads\HLC_AG_SM\backend\node_modules\@prisma\client\runtime\library.js:130:9633)
    at async C:\Users\Gabriel Kwaku Kusi\Downloads\HLC_AG_SM\backend\node_modules\@nestjs\core\router\router-execution-context.js:46:28
    at async C:\Users\Gabriel Kwaku Kusi\Downloads\HLC_AG_SM\backend\node_modules\@nestjs\core\router\router-proxy.js:9:17
----------------------------------------

[2025-12-18T20:16:45.430Z] Request ID: b8c40e1e-ad96-43e2-b957-83cdc04f43ee
Method: GET
URL: /giving/donations
User: {"sub":"14d2d79b-2092-4f8a-b592-e8f0d910a8ba","email":"admin@hlag.com","role":"SUPER_ADMIN","iat":1766088995,"exp":1766089895}
Body: {}
Status: 500
Message: "Internal server error"
Stack: PrismaClientKnownRequestError: 
Invalid `this.prisma.donation.findMany()` invocation in
C:\Users\Gabriel Kwaku Kusi\Downloads\HLC_AG_SM\backend\src\giving\giving.service.ts:56:37

  53 }
  54 
  55 findAllDonations() {
→ 56     return this.prisma.donation.findMany(
The column `Donation.note` does not exist in the current database.
    at $n.handleRequestError (C:\Users\Gabriel Kwaku Kusi\Downloads\HLC_AG_SM\backend\node_modules\@prisma\client\runtime\library.js:121:7315)
    at $n.handleAndLogRequestError (C:\Users\Gabriel Kwaku Kusi\Downloads\HLC_AG_SM\backend\node_modules\@prisma\client\runtime\library.js:121:6623)
    at $n.request (C:\Users\Gabriel Kwaku Kusi\Downloads\HLC_AG_SM\backend\node_modules\@prisma\client\runtime\library.js:121:6307)
    at async l (C:\Users\Gabriel Kwaku Kusi\Downloads\HLC_AG_SM\backend\node_modules\@prisma\client\runtime\library.js:130:9633)
    at async C:\Users\Gabriel Kwaku Kusi\Downloads\HLC_AG_SM\backend\node_modules\@nestjs\core\router\router-execution-context.js:46:28
    at async C:\Users\Gabriel Kwaku Kusi\Downloads\HLC_AG_SM\backend\node_modules\@nestjs\core\router\router-proxy.js:9:17
----------------------------------------

[2025-12-18T20:16:53.487Z] Request ID: 4f8c615c-e02f-42f2-a8bc-629501a7a5b4
Method: GET
URL: /giving/donations
User: {"sub":"14d2d79b-2092-4f8a-b592-e8f0d910a8ba","email":"admin@hlag.com","role":"SUPER_ADMIN","iat":1766088995,"exp":1766089895}
Body: {}
Status: 500
Message: "Internal server error"
Stack: PrismaClientKnownRequestError: 
Invalid `this.prisma.donation.findMany()` invocation in
C:\Users\Gabriel Kwaku Kusi\Downloads\HLC_AG_SM\backend\src\giving\giving.service.ts:56:37

  53 }
  54 
  55 findAllDonations() {
→ 56     return this.prisma.donation.findMany(
The column `Donation.note` does not exist in the current database.
    at $n.handleRequestError (C:\Users\Gabriel Kwaku Kusi\Downloads\HLC_AG_SM\backend\node_modules\@prisma\client\runtime\library.js:121:7315)
    at $n.handleAndLogRequestError (C:\Users\Gabriel Kwaku Kusi\Downloads\HLC_AG_SM\backend\node_modules\@prisma\client\runtime\library.js:121:6623)
    at $n.request (C:\Users\Gabriel Kwaku Kusi\Downloads\HLC_AG_SM\backend\node_modules\@prisma\client\runtime\library.js:121:6307)
    at async l (C:\Users\Gabriel Kwaku Kusi\Downloads\HLC_AG_SM\backend\node_modules\@prisma\client\runtime\library.js:130:9633)
    at async C:\Users\Gabriel Kwaku Kusi\Downloads\HLC_AG_SM\backend\node_modules\@nestjs\core\router\router-execution-context.js:46:28
    at async C:\Users\Gabriel Kwaku Kusi\Downloads\HLC_AG_SM\backend\node_modules\@nestjs\core\router\router-proxy.js:9:17
----------------------------------------

[2025-12-18T20:16:53.655Z] Request ID: 7a422993-d863-47a8-8121-7db8931db74d
Method: GET
URL: /giving/payment-configs/admin
User: {"sub":"14d2d79b-2092-4f8a-b592-e8f0d910a8ba","email":"admin@hlag.com","role":"SUPER_ADMIN","iat":1766088995,"exp":1766089895}
Body: {}
Status: 500
Message: "Internal server error"
Stack: PrismaClientKnownRequestError: 
Invalid `this.prisma.paymentConfig.findMany()` invocation in
C:\Users\Gabriel Kwaku Kusi\Downloads\HLC_AG_SM\backend\src\giving\giving.service.ts:87:42

  84 }
  85 
  86 findAllPaymentConfigs() {
→ 87     return this.prisma.paymentConfig.findMany(
The table `public.payment_configurations` does not exist in the current database.
    at $n.handleRequestError (C:\Users\Gabriel Kwaku Kusi\Downloads\HLC_AG_SM\backend\node_modules\@prisma\client\runtime\library.js:121:7315)
    at $n.handleAndLogRequestError (C:\Users\Gabriel Kwaku Kusi\Downloads\HLC_AG_SM\backend\node_modules\@prisma\client\runtime\library.js:121:6623)
    at $n.request (C:\Users\Gabriel Kwaku Kusi\Downloads\HLC_AG_SM\backend\node_modules\@prisma\client\runtime\library.js:121:6307)
    at async l (C:\Users\Gabriel Kwaku Kusi\Downloads\HLC_AG_SM\backend\node_modules\@prisma\client\runtime\library.js:130:9633)
    at async C:\Users\Gabriel Kwaku Kusi\Downloads\HLC_AG_SM\backend\node_modules\@nestjs\core\router\router-execution-context.js:46:28
    at async C:\Users\Gabriel Kwaku Kusi\Downloads\HLC_AG_SM\backend\node_modules\@nestjs\core\router\router-proxy.js:9:17
----------------------------------------

[2025-12-18T20:16:53.668Z] Request ID: 8907f669-7b35-41ff-9175-f48f3159a769
Method: GET
URL: /giving/donations
User: {"sub":"14d2d79b-2092-4f8a-b592-e8f0d910a8ba","email":"admin@hlag.com","role":"SUPER_ADMIN","iat":1766088995,"exp":1766089895}
Body: {}
Status: 500
Message: "Internal server error"
Stack: PrismaClientKnownRequestError: 
Invalid `this.prisma.donation.findMany()` invocation in
C:\Users\Gabriel Kwaku Kusi\Downloads\HLC_AG_SM\backend\src\giving\giving.service.ts:56:37

  53 }
  54 
  55 findAllDonations() {
→ 56     return this.prisma.donation.findMany(
The column `Donation.note` does not exist in the current database.
    at $n.handleRequestError (C:\Users\Gabriel Kwaku Kusi\Downloads\HLC_AG_SM\backend\node_modules\@prisma\client\runtime\library.js:121:7315)
    at $n.handleAndLogRequestError (C:\Users\Gabriel Kwaku Kusi\Downloads\HLC_AG_SM\backend\node_modules\@prisma\client\runtime\library.js:121:6623)
    at $n.request (C:\Users\Gabriel Kwaku Kusi\Downloads\HLC_AG_SM\backend\node_modules\@prisma\client\runtime\library.js:121:6307)
    at async l (C:\Users\Gabriel Kwaku Kusi\Downloads\HLC_AG_SM\backend\node_modules\@prisma\client\runtime\library.js:130:9633)
    at async C:\Users\Gabriel Kwaku Kusi\Downloads\HLC_AG_SM\backend\node_modules\@nestjs\core\router\router-execution-context.js:46:28
    at async C:\Users\Gabriel Kwaku Kusi\Downloads\HLC_AG_SM\backend\node_modules\@nestjs\core\router\router-proxy.js:9:17
----------------------------------------

[2025-12-18T20:16:54.270Z] Request ID: b201a2cf-ea0d-49a3-9abc-415bccb9415d
Method: GET
URL: /giving/payment-configs/admin
User: {"sub":"14d2d79b-2092-4f8a-b592-e8f0d910a8ba","email":"admin@hlag.com","role":"SUPER_ADMIN","iat":1766088995,"exp":1766089895}
Body: {}
Status: 500
Message: "Internal server error"
Stack: PrismaClientKnownRequestError: 
Invalid `this.prisma.paymentConfig.findMany()` invocation in
C:\Users\Gabriel Kwaku Kusi\Downloads\HLC_AG_SM\backend\src\giving\giving.service.ts:87:42

  84 }
  85 
  86 findAllPaymentConfigs() {
→ 87     return this.prisma.paymentConfig.findMany(
The table `public.payment_configurations` does not exist in the current database.
    at $n.handleRequestError (C:\Users\Gabriel Kwaku Kusi\Downloads\HLC_AG_SM\backend\node_modules\@prisma\client\runtime\library.js:121:7315)
    at $n.handleAndLogRequestError (C:\Users\Gabriel Kwaku Kusi\Downloads\HLC_AG_SM\backend\node_modules\@prisma\client\runtime\library.js:121:6623)
    at $n.request (C:\Users\Gabriel Kwaku Kusi\Downloads\HLC_AG_SM\backend\node_modules\@prisma\client\runtime\library.js:121:6307)
    at async l (C:\Users\Gabriel Kwaku Kusi\Downloads\HLC_AG_SM\backend\node_modules\@prisma\client\runtime\library.js:130:9633)
    at async C:\Users\Gabriel Kwaku Kusi\Downloads\HLC_AG_SM\backend\node_modules\@nestjs\core\router\router-execution-context.js:46:28
    at async C:\Users\Gabriel Kwaku Kusi\Downloads\HLC_AG_SM\backend\node_modules\@nestjs\core\router\router-proxy.js:9:17
----------------------------------------

[2025-12-18T20:17:22.769Z] Request ID: 0161f279-d465-4238-92b9-eb3793d4dfb1
Method: GET
URL: /giving/donations
User: {"sub":"14d2d79b-2092-4f8a-b592-e8f0d910a8ba","email":"admin@hlag.com","role":"SUPER_ADMIN","iat":1766088995,"exp":1766089895}
Body: {}
Status: 500
Message: "Internal server error"
Stack: PrismaClientKnownRequestError: 
Invalid `this.prisma.donation.findMany()` invocation in
C:\Users\Gabriel Kwaku Kusi\Downloads\HLC_AG_SM\backend\src\giving\giving.service.ts:56:37

  53 }
  54 
  55 findAllDonations() {
→ 56     return this.prisma.donation.findMany(
The column `Donation.note` does not exist in the current database.
    at $n.handleRequestError (C:\Users\Gabriel Kwaku Kusi\Downloads\HLC_AG_SM\backend\node_modules\@prisma\client\runtime\library.js:121:7315)
    at $n.handleAndLogRequestError (C:\Users\Gabriel Kwaku Kusi\Downloads\HLC_AG_SM\backend\node_modules\@prisma\client\runtime\library.js:121:6623)
    at $n.request (C:\Users\Gabriel Kwaku Kusi\Downloads\HLC_AG_SM\backend\node_modules\@prisma\client\runtime\library.js:121:6307)
    at async l (C:\Users\Gabriel Kwaku Kusi\Downloads\HLC_AG_SM\backend\node_modules\@prisma\client\runtime\library.js:130:9633)
    at async C:\Users\Gabriel Kwaku Kusi\Downloads\HLC_AG_SM\backend\node_modules\@nestjs\core\router\router-execution-context.js:46:28
    at async C:\Users\Gabriel Kwaku Kusi\Downloads\HLC_AG_SM\backend\node_modules\@nestjs\core\router\router-proxy.js:9:17
----------------------------------------

[2025-12-18T20:17:22.793Z] Request ID: 5786dc21-a238-42b2-af62-888b9f9ccc89
Method: GET
URL: /giving/payment-configs/admin
User: {"sub":"14d2d79b-2092-4f8a-b592-e8f0d910a8ba","email":"admin@hlag.com","role":"SUPER_ADMIN","iat":1766088995,"exp":1766089895}
Body: {}
Status: 500
Message: "Internal server error"
Stack: PrismaClientKnownRequestError: 
Invalid `this.prisma.paymentConfig.findMany()` invocation in
C:\Users\Gabriel Kwaku Kusi\Downloads\HLC_AG_SM\backend\src\giving\giving.service.ts:87:42

  84 }
  85 
  86 findAllPaymentConfigs() {
→ 87     return this.prisma.paymentConfig.findMany(
The table `public.payment_configurations` does not exist in the current database.
    at $n.handleRequestError (C:\Users\Gabriel Kwaku Kusi\Downloads\HLC_AG_SM\backend\node_modules\@prisma\client\runtime\library.js:121:7315)
    at $n.handleAndLogRequestError (C:\Users\Gabriel Kwaku Kusi\Downloads\HLC_AG_SM\backend\node_modules\@prisma\client\runtime\library.js:121:6623)
    at $n.request (C:\Users\Gabriel Kwaku Kusi\Downloads\HLC_AG_SM\backend\node_modules\@prisma\client\runtime\library.js:121:6307)
    at async l (C:\Users\Gabriel Kwaku Kusi\Downloads\HLC_AG_SM\backend\node_modules\@prisma\client\runtime\library.js:130:9633)
    at async C:\Users\Gabriel Kwaku Kusi\Downloads\HLC_AG_SM\backend\node_modules\@nestjs\core\router\router-execution-context.js:46:28
    at async C:\Users\Gabriel Kwaku Kusi\Downloads\HLC_AG_SM\backend\node_modules\@nestjs\core\router\router-proxy.js:9:17
----------------------------------------

[2025-12-18T20:18:34.291Z] Request ID: e89ca482-67dc-4378-bf60-038be6622fb3
Method: GET
URL: /giving/donations
User: {"sub":"14d2d79b-2092-4f8a-b592-e8f0d910a8ba","email":"admin@hlag.com","role":"SUPER_ADMIN","iat":1766088995,"exp":1766089895}
Body: {}
Status: 500
Message: "Internal server error"
Stack: PrismaClientKnownRequestError: 
Invalid `this.prisma.donation.findMany()` invocation in
C:\Users\Gabriel Kwaku Kusi\Downloads\HLC_AG_SM\backend\src\giving\giving.service.ts:56:37

  53 }
  54 
  55 findAllDonations() {
→ 56     return this.prisma.donation.findMany(
The column `Donation.note` does not exist in the current database.
    at $n.handleRequestError (C:\Users\Gabriel Kwaku Kusi\Downloads\HLC_AG_SM\backend\node_modules\@prisma\client\runtime\library.js:121:7315)
    at $n.handleAndLogRequestError (C:\Users\Gabriel Kwaku Kusi\Downloads\HLC_AG_SM\backend\node_modules\@prisma\client\runtime\library.js:121:6623)
    at $n.request (C:\Users\Gabriel Kwaku Kusi\Downloads\HLC_AG_SM\backend\node_modules\@prisma\client\runtime\library.js:121:6307)
    at async l (C:\Users\Gabriel Kwaku Kusi\Downloads\HLC_AG_SM\backend\node_modules\@prisma\client\runtime\library.js:130:9633)
    at async C:\Users\Gabriel Kwaku Kusi\Downloads\HLC_AG_SM\backend\node_modules\@nestjs\core\router\router-execution-context.js:46:28
    at async C:\Users\Gabriel Kwaku Kusi\Downloads\HLC_AG_SM\backend\node_modules\@nestjs\core\router\router-proxy.js:9:17
----------------------------------------

[2025-12-18T20:18:34.746Z] Request ID: f571cc8a-49d8-481a-81de-f81ed7b42268
Method: GET
URL: /giving/payment-configs/admin
User: {"sub":"14d2d79b-2092-4f8a-b592-e8f0d910a8ba","email":"admin@hlag.com","role":"SUPER_ADMIN","iat":1766088995,"exp":1766089895}
Body: {}
Status: 500
Message: "Internal server error"
Stack: PrismaClientKnownRequestError: 
Invalid `this.prisma.paymentConfig.findMany()` invocation in
C:\Users\Gabriel Kwaku Kusi\Downloads\HLC_AG_SM\backend\src\giving\giving.service.ts:87:42

  84 }
  85 
  86 findAllPaymentConfigs() {
→ 87     return this.prisma.paymentConfig.findMany(
The table `public.payment_configurations` does not exist in the current database.
    at $n.handleRequestError (C:\Users\Gabriel Kwaku Kusi\Downloads\HLC_AG_SM\backend\node_modules\@prisma\client\runtime\library.js:121:7315)
    at $n.handleAndLogRequestError (C:\Users\Gabriel Kwaku Kusi\Downloads\HLC_AG_SM\backend\node_modules\@prisma\client\runtime\library.js:121:6623)
    at $n.request (C:\Users\Gabriel Kwaku Kusi\Downloads\HLC_AG_SM\backend\node_modules\@prisma\client\runtime\library.js:121:6307)
    at async l (C:\Users\Gabriel Kwaku Kusi\Downloads\HLC_AG_SM\backend\node_modules\@prisma\client\runtime\library.js:130:9633)
    at async C:\Users\Gabriel Kwaku Kusi\Downloads\HLC_AG_SM\backend\node_modules\@nestjs\core\router\router-execution-context.js:46:28
    at async C:\Users\Gabriel Kwaku Kusi\Downloads\HLC_AG_SM\backend\node_modules\@nestjs\core\router\router-proxy.js:9:17
----------------------------------------

[2025-12-18T20:27:37.498Z] Request ID: fcfa230d-59b4-494e-97b7-bfb5ffbaf0ab
Method: GET
URL: /giving/donations
User: {"sub":"14d2d79b-2092-4f8a-b592-e8f0d910a8ba","email":"admin@hlag.com","role":"SUPER_ADMIN","iat":1766089653,"exp":1766090553}
Body: {}
Status: 500
Message: "Internal server error"
Stack: PrismaClientKnownRequestError: 
Invalid `this.prisma.donation.findMany()` invocation in
C:\Users\Gabriel Kwaku Kusi\Downloads\HLC_AG_SM\backend\src\giving\giving.service.ts:56:37

  53 }
  54 
  55 findAllDonations() {
→ 56     return this.prisma.donation.findMany(
The column `Donation.note` does not exist in the current database.
    at $n.handleRequestError (C:\Users\Gabriel Kwaku Kusi\Downloads\HLC_AG_SM\backend\node_modules\@prisma\client\runtime\library.js:121:7315)
    at $n.handleAndLogRequestError (C:\Users\Gabriel Kwaku Kusi\Downloads\HLC_AG_SM\backend\node_modules\@prisma\client\runtime\library.js:121:6623)
    at $n.request (C:\Users\Gabriel Kwaku Kusi\Downloads\HLC_AG_SM\backend\node_modules\@prisma\client\runtime\library.js:121:6307)
    at async l (C:\Users\Gabriel Kwaku Kusi\Downloads\HLC_AG_SM\backend\node_modules\@prisma\client\runtime\library.js:130:9633)
    at async C:\Users\Gabriel Kwaku Kusi\Downloads\HLC_AG_SM\backend\node_modules\@nestjs\core\router\router-execution-context.js:46:28
    at async C:\Users\Gabriel Kwaku Kusi\Downloads\HLC_AG_SM\backend\node_modules\@nestjs\core\router\router-proxy.js:9:17
----------------------------------------

[2025-12-18T20:27:38.090Z] Request ID: 311f0f87-f6bc-4607-ad6d-0ecec6729ab5
Method: GET
URL: /giving/donations
User: {"sub":"14d2d79b-2092-4f8a-b592-e8f0d910a8ba","email":"admin@hlag.com","role":"SUPER_ADMIN","iat":1766089653,"exp":1766090553}
Body: {}
Status: 500
Message: "Internal server error"
Stack: PrismaClientKnownRequestError: 
Invalid `this.prisma.donation.findMany()` invocation in
C:\Users\Gabriel Kwaku Kusi\Downloads\HLC_AG_SM\backend\src\giving\giving.service.ts:56:37

  53 }
  54 
  55 findAllDonations() {
→ 56     return this.prisma.donation.findMany(
The column `Donation.note` does not exist in the current database.
    at $n.handleRequestError (C:\Users\Gabriel Kwaku Kusi\Downloads\HLC_AG_SM\backend\node_modules\@prisma\client\runtime\library.js:121:7315)
    at $n.handleAndLogRequestError (C:\Users\Gabriel Kwaku Kusi\Downloads\HLC_AG_SM\backend\node_modules\@prisma\client\runtime\library.js:121:6623)
    at $n.request (C:\Users\Gabriel Kwaku Kusi\Downloads\HLC_AG_SM\backend\node_modules\@prisma\client\runtime\library.js:121:6307)
    at async l (C:\Users\Gabriel Kwaku Kusi\Downloads\HLC_AG_SM\backend\node_modules\@prisma\client\runtime\library.js:130:9633)
    at async C:\Users\Gabriel Kwaku Kusi\Downloads\HLC_AG_SM\backend\node_modules\@nestjs\core\router\router-execution-context.js:46:28
    at async C:\Users\Gabriel Kwaku Kusi\Downloads\HLC_AG_SM\backend\node_modules\@nestjs\core\router\router-proxy.js:9:17
----------------------------------------

[2025-12-18T20:27:41.908Z] Request ID: 11598e08-5016-42cf-8981-558baf7452ad
Method: GET
URL: /giving/donations
User: {"sub":"14d2d79b-2092-4f8a-b592-e8f0d910a8ba","email":"admin@hlag.com","role":"SUPER_ADMIN","iat":1766089653,"exp":1766090553}
Body: {}
Status: 500
Message: "Internal server error"
Stack: PrismaClientKnownRequestError: 
Invalid `this.prisma.donation.findMany()` invocation in
C:\Users\Gabriel Kwaku Kusi\Downloads\HLC_AG_SM\backend\src\giving\giving.service.ts:56:37

  53 }
  54 
  55 findAllDonations() {
→ 56     return this.prisma.donation.findMany(
The column `Donation.note` does not exist in the current database.
    at $n.handleRequestError (C:\Users\Gabriel Kwaku Kusi\Downloads\HLC_AG_SM\backend\node_modules\@prisma\client\runtime\library.js:121:7315)
    at $n.handleAndLogRequestError (C:\Users\Gabriel Kwaku Kusi\Downloads\HLC_AG_SM\backend\node_modules\@prisma\client\runtime\library.js:121:6623)
    at $n.request (C:\Users\Gabriel Kwaku Kusi\Downloads\HLC_AG_SM\backend\node_modules\@prisma\client\runtime\library.js:121:6307)
    at async l (C:\Users\Gabriel Kwaku Kusi\Downloads\HLC_AG_SM\backend\node_modules\@prisma\client\runtime\library.js:130:9633)
    at async C:\Users\Gabriel Kwaku Kusi\Downloads\HLC_AG_SM\backend\node_modules\@nestjs\core\router\router-execution-context.js:46:28
    at async C:\Users\Gabriel Kwaku Kusi\Downloads\HLC_AG_SM\backend\node_modules\@nestjs\core\router\router-proxy.js:9:17
----------------------------------------

[2025-12-18T20:27:42.843Z] Request ID: 4d43fac2-04e4-4cd0-8b7a-5e5f50ddd892
Method: GET
URL: /giving/payment-configs/admin
User: {"sub":"14d2d79b-2092-4f8a-b592-e8f0d910a8ba","email":"admin@hlag.com","role":"SUPER_ADMIN","iat":1766089653,"exp":1766090553}
Body: {}
Status: 500
Message: "Internal server error"
Stack: PrismaClientKnownRequestError: 
Invalid `this.prisma.paymentConfig.findMany()` invocation in
C:\Users\Gabriel Kwaku Kusi\Downloads\HLC_AG_SM\backend\src\giving\giving.service.ts:87:42

  84 }
  85 
  86 findAllPaymentConfigs() {
→ 87     return this.prisma.paymentConfig.findMany(
The table `public.payment_configurations` does not exist in the current database.
    at $n.handleRequestError (C:\Users\Gabriel Kwaku Kusi\Downloads\HLC_AG_SM\backend\node_modules\@prisma\client\runtime\library.js:121:7315)
    at $n.handleAndLogRequestError (C:\Users\Gabriel Kwaku Kusi\Downloads\HLC_AG_SM\backend\node_modules\@prisma\client\runtime\library.js:121:6623)
    at $n.request (C:\Users\Gabriel Kwaku Kusi\Downloads\HLC_AG_SM\backend\node_modules\@prisma\client\runtime\library.js:121:6307)
    at async l (C:\Users\Gabriel Kwaku Kusi\Downloads\HLC_AG_SM\backend\node_modules\@prisma\client\runtime\library.js:130:9633)
    at async C:\Users\Gabriel Kwaku Kusi\Downloads\HLC_AG_SM\backend\node_modules\@nestjs\core\router\router-execution-context.js:46:28
    at async C:\Users\Gabriel Kwaku Kusi\Downloads\HLC_AG_SM\backend\node_modules\@nestjs\core\router\router-proxy.js:9:17
----------------------------------------

[2025-12-18T20:27:42.942Z] Request ID: a7e39eb2-e3dd-4ef0-86a6-bd24400a663e
Method: GET
URL: /giving/donations
User: {"sub":"14d2d79b-2092-4f8a-b592-e8f0d910a8ba","email":"admin@hlag.com","role":"SUPER_ADMIN","iat":1766089653,"exp":1766090553}
Body: {}
Status: 500
Message: "Internal server error"
Stack: PrismaClientKnownRequestError: 
Invalid `this.prisma.donation.findMany()` invocation in
C:\Users\Gabriel Kwaku Kusi\Downloads\HLC_AG_SM\backend\src\giving\giving.service.ts:56:37

  53 }
  54 
  55 findAllDonations() {
→ 56     return this.prisma.donation.findMany(
The column `Donation.note` does not exist in the current database.
    at $n.handleRequestError (C:\Users\Gabriel Kwaku Kusi\Downloads\HLC_AG_SM\backend\node_modules\@prisma\client\runtime\library.js:121:7315)
    at $n.handleAndLogRequestError (C:\Users\Gabriel Kwaku Kusi\Downloads\HLC_AG_SM\backend\node_modules\@prisma\client\runtime\library.js:121:6623)
    at $n.request (C:\Users\Gabriel Kwaku Kusi\Downloads\HLC_AG_SM\backend\node_modules\@prisma\client\runtime\library.js:121:6307)
    at async l (C:\Users\Gabriel Kwaku Kusi\Downloads\HLC_AG_SM\backend\node_modules\@prisma\client\runtime\library.js:130:9633)
    at async C:\Users\Gabriel Kwaku Kusi\Downloads\HLC_AG_SM\backend\node_modules\@nestjs\core\router\router-execution-context.js:46:28
    at async C:\Users\Gabriel Kwaku Kusi\Downloads\HLC_AG_SM\backend\node_modules\@nestjs\core\router\router-proxy.js:9:17
----------------------------------------

[2025-12-18T20:27:43.679Z] Request ID: 0894fea3-2e77-4211-83f4-7e5dd79c0fa5
Method: GET
URL: /giving/payment-configs/admin
User: {"sub":"14d2d79b-2092-4f8a-b592-e8f0d910a8ba","email":"admin@hlag.com","role":"SUPER_ADMIN","iat":1766089653,"exp":1766090553}
Body: {}
Status: 500
Message: "Internal server error"
Stack: PrismaClientKnownRequestError: 
Invalid `this.prisma.paymentConfig.findMany()` invocation in
C:\Users\Gabriel Kwaku Kusi\Downloads\HLC_AG_SM\backend\src\giving\giving.service.ts:87:42

  84 }
  85 
  86 findAllPaymentConfigs() {
→ 87     return this.prisma.paymentConfig.findMany(
The table `public.payment_configurations` does not exist in the current database.
    at $n.handleRequestError (C:\Users\Gabriel Kwaku Kusi\Downloads\HLC_AG_SM\backend\node_modules\@prisma\client\runtime\library.js:121:7315)
    at $n.handleAndLogRequestError (C:\Users\Gabriel Kwaku Kusi\Downloads\HLC_AG_SM\backend\node_modules\@prisma\client\runtime\library.js:121:6623)
    at $n.request (C:\Users\Gabriel Kwaku Kusi\Downloads\HLC_AG_SM\backend\node_modules\@prisma\client\runtime\library.js:121:6307)
    at async l (C:\Users\Gabriel Kwaku Kusi\Downloads\HLC_AG_SM\backend\node_modules\@prisma\client\runtime\library.js:130:9633)
    at async C:\Users\Gabriel Kwaku Kusi\Downloads\HLC_AG_SM\backend\node_modules\@nestjs\core\router\router-execution-context.js:46:28
    at async C:\Users\Gabriel Kwaku Kusi\Downloads\HLC_AG_SM\backend\node_modules\@nestjs\core\router\router-proxy.js:9:17
----------------------------------------

[2025-12-18T20:28:06.222Z] Request ID: 2741318c-fff7-470d-ab53-c7f49c9e7198
Method: GET
URL: /giving/donations
User: {"sub":"14d2d79b-2092-4f8a-b592-e8f0d910a8ba","email":"admin@hlag.com","role":"SUPER_ADMIN","iat":1766089653,"exp":1766090553}
Body: {}
Status: 500
Message: "Internal server error"
Stack: PrismaClientKnownRequestError: 
Invalid `this.prisma.donation.findMany()` invocation in
C:\Users\Gabriel Kwaku Kusi\Downloads\HLC_AG_SM\backend\src\giving\giving.service.ts:56:37

  53 }
  54 
  55 findAllDonations() {
→ 56     return this.prisma.donation.findMany(
The column `Donation.note` does not exist in the current database.
    at $n.handleRequestError (C:\Users\Gabriel Kwaku Kusi\Downloads\HLC_AG_SM\backend\node_modules\@prisma\client\runtime\library.js:121:7315)
    at $n.handleAndLogRequestError (C:\Users\Gabriel Kwaku Kusi\Downloads\HLC_AG_SM\backend\node_modules\@prisma\client\runtime\library.js:121:6623)
    at $n.request (C:\Users\Gabriel Kwaku Kusi\Downloads\HLC_AG_SM\backend\node_modules\@prisma\client\runtime\library.js:121:6307)
    at async l (C:\Users\Gabriel Kwaku Kusi\Downloads\HLC_AG_SM\backend\node_modules\@prisma\client\runtime\library.js:130:9633)
    at async C:\Users\Gabriel Kwaku Kusi\Downloads\HLC_AG_SM\backend\node_modules\@nestjs\core\router\router-execution-context.js:46:28
    at async C:\Users\Gabriel Kwaku Kusi\Downloads\HLC_AG_SM\backend\node_modules\@nestjs\core\router\router-proxy.js:9:17
----------------------------------------

[2025-12-18T20:28:06.753Z] Request ID: 24a8e4e2-39c8-4731-96a1-8ef717b5cefc
Method: GET
URL: /giving/payment-configs/admin
User: {"sub":"14d2d79b-2092-4f8a-b592-e8f0d910a8ba","email":"admin@hlag.com","role":"SUPER_ADMIN","iat":1766089653,"exp":1766090553}
Body: {}
Status: 500
Message: "Internal server error"
Stack: PrismaClientKnownRequestError: 
Invalid `this.prisma.paymentConfig.findMany()` invocation in
C:\Users\Gabriel Kwaku Kusi\Downloads\HLC_AG_SM\backend\src\giving\giving.service.ts:87:42

  84 }
  85 
  86 findAllPaymentConfigs() {
→ 87     return this.prisma.paymentConfig.findMany(
The table `public.payment_configurations` does not exist in the current database.
    at $n.handleRequestError (C:\Users\Gabriel Kwaku Kusi\Downloads\HLC_AG_SM\backend\node_modules\@prisma\client\runtime\library.js:121:7315)
    at $n.handleAndLogRequestError (C:\Users\Gabriel Kwaku Kusi\Downloads\HLC_AG_SM\backend\node_modules\@prisma\client\runtime\library.js:121:6623)
    at $n.request (C:\Users\Gabriel Kwaku Kusi\Downloads\HLC_AG_SM\backend\node_modules\@prisma\client\runtime\library.js:121:6307)
    at async l (C:\Users\Gabriel Kwaku Kusi\Downloads\HLC_AG_SM\backend\node_modules\@prisma\client\runtime\library.js:130:9633)
    at async C:\Users\Gabriel Kwaku Kusi\Downloads\HLC_AG_SM\backend\node_modules\@nestjs\core\router\router-execution-context.js:46:28
    at async C:\Users\Gabriel Kwaku Kusi\Downloads\HLC_AG_SM\backend\node_modules\@nestjs\core\router\router-proxy.js:9:17
----------------------------------------

[2025-12-18T20:34:51.897Z] Request ID: af9bbcb9-10fc-4069-b415-8998c40bffc6
Method: GET
URL: /giving/payment-configs/admin
User: {"sub":"14d2d79b-2092-4f8a-b592-e8f0d910a8ba","email":"admin@hlag.com","role":"SUPER_ADMIN","iat":1766089653,"exp":1766090553}
Body: {}
Status: 500
Message: "Internal server error"
Stack: PrismaClientKnownRequestError: 
Invalid `this.prisma.paymentConfig.findMany()` invocation in
C:\Users\Gabriel Kwaku Kusi\Downloads\HLC_AG_SM\backend\src\giving\giving.service.ts:87:42

  84 }
  85 
  86 findAllPaymentConfigs() {
→ 87     return this.prisma.paymentConfig.findMany(
The table `public.payment_configurations` does not exist in the current database.
    at $n.handleRequestError (C:\Users\Gabriel Kwaku Kusi\Downloads\HLC_AG_SM\backend\node_modules\@prisma\client\runtime\library.js:121:7315)
    at $n.handleAndLogRequestError (C:\Users\Gabriel Kwaku Kusi\Downloads\HLC_AG_SM\backend\node_modules\@prisma\client\runtime\library.js:121:6623)
    at $n.request (C:\Users\Gabriel Kwaku Kusi\Downloads\HLC_AG_SM\backend\node_modules\@prisma\client\runtime\library.js:121:6307)
    at async l (C:\Users\Gabriel Kwaku Kusi\Downloads\HLC_AG_SM\backend\node_modules\@prisma\client\runtime\library.js:130:9633)
    at async C:\Users\Gabriel Kwaku Kusi\Downloads\HLC_AG_SM\backend\node_modules\@nestjs\core\router\router-execution-context.js:46:28
    at async C:\Users\Gabriel Kwaku Kusi\Downloads\HLC_AG_SM\backend\node_modules\@nestjs\core\router\router-proxy.js:9:17
----------------------------------------

[2025-12-18T20:34:52.092Z] Request ID: c5be3eee-c8aa-4dec-bed9-200c3ca81b17
Method: GET
URL: /giving/donations
User: {"sub":"14d2d79b-2092-4f8a-b592-e8f0d910a8ba","email":"admin@hlag.com","role":"SUPER_ADMIN","iat":1766089653,"exp":1766090553}
Body: {}
Status: 500
Message: "Internal server error"
Stack: PrismaClientKnownRequestError: 
Invalid `this.prisma.donation.findMany()` invocation in
C:\Users\Gabriel Kwaku Kusi\Downloads\HLC_AG_SM\backend\src\giving\giving.service.ts:56:37

  53 }
  54 
  55 findAllDonations() {
→ 56     return this.prisma.donation.findMany(
The column `Donation.note` does not exist in the current database.
    at $n.handleRequestError (C:\Users\Gabriel Kwaku Kusi\Downloads\HLC_AG_SM\backend\node_modules\@prisma\client\runtime\library.js:121:7315)
    at $n.handleAndLogRequestError (C:\Users\Gabriel Kwaku Kusi\Downloads\HLC_AG_SM\backend\node_modules\@prisma\client\runtime\library.js:121:6623)
    at $n.request (C:\Users\Gabriel Kwaku Kusi\Downloads\HLC_AG_SM\backend\node_modules\@prisma\client\runtime\library.js:121:6307)
    at async l (C:\Users\Gabriel Kwaku Kusi\Downloads\HLC_AG_SM\backend\node_modules\@prisma\client\runtime\library.js:130:9633)
    at async C:\Users\Gabriel Kwaku Kusi\Downloads\HLC_AG_SM\backend\node_modules\@nestjs\core\router\router-execution-context.js:46:28
    at async C:\Users\Gabriel Kwaku Kusi\Downloads\HLC_AG_SM\backend\node_modules\@nestjs\core\router\router-proxy.js:9:17
----------------------------------------

[2025-12-18T20:34:52.421Z] Request ID: 14cd4cd4-0b0f-4020-bc33-2475a82f4ca4
Method: GET
URL: /giving/payment-configs/admin
User: {"sub":"14d2d79b-2092-4f8a-b592-e8f0d910a8ba","email":"admin@hlag.com","role":"SUPER_ADMIN","iat":1766089653,"exp":1766090553}
Body: {}
Status: 500
Message: "Internal server error"
Stack: PrismaClientKnownRequestError: 
Invalid `this.prisma.paymentConfig.findMany()` invocation in
C:\Users\Gabriel Kwaku Kusi\Downloads\HLC_AG_SM\backend\src\giving\giving.service.ts:87:42

  84 }
  85 
  86 findAllPaymentConfigs() {
→ 87     return this.prisma.paymentConfig.findMany(
The table `public.payment_configurations` does not exist in the current database.
    at $n.handleRequestError (C:\Users\Gabriel Kwaku Kusi\Downloads\HLC_AG_SM\backend\node_modules\@prisma\client\runtime\library.js:121:7315)
    at $n.handleAndLogRequestError (C:\Users\Gabriel Kwaku Kusi\Downloads\HLC_AG_SM\backend\node_modules\@prisma\client\runtime\library.js:121:6623)
    at $n.request (C:\Users\Gabriel Kwaku Kusi\Downloads\HLC_AG_SM\backend\node_modules\@prisma\client\runtime\library.js:121:6307)
    at async l (C:\Users\Gabriel Kwaku Kusi\Downloads\HLC_AG_SM\backend\node_modules\@prisma\client\runtime\library.js:130:9633)
    at async C:\Users\Gabriel Kwaku Kusi\Downloads\HLC_AG_SM\backend\node_modules\@nestjs\core\router\router-execution-context.js:46:28
    at async C:\Users\Gabriel Kwaku Kusi\Downloads\HLC_AG_SM\backend\node_modules\@nestjs\core\router\router-proxy.js:9:17
----------------------------------------

[2025-12-18T20:34:52.449Z] Request ID: 9714c557-85a5-4b4b-997e-e7050ec5df15
Method: GET
URL: /giving/payment-configs/admin
User: {"sub":"14d2d79b-2092-4f8a-b592-e8f0d910a8ba","email":"admin@hlag.com","role":"SUPER_ADMIN","iat":1766089653,"exp":1766090553}
Body: {}
Status: 500
Message: "Internal server error"
Stack: PrismaClientKnownRequestError: 
Invalid `this.prisma.paymentConfig.findMany()` invocation in
C:\Users\Gabriel Kwaku Kusi\Downloads\HLC_AG_SM\backend\src\giving\giving.service.ts:87:42

  84 }
  85 
  86 findAllPaymentConfigs() {
→ 87     return this.prisma.paymentConfig.findMany(
The table `public.payment_configurations` does not exist in the current database.
    at $n.handleRequestError (C:\Users\Gabriel Kwaku Kusi\Downloads\HLC_AG_SM\backend\node_modules\@prisma\client\runtime\library.js:121:7315)
    at $n.handleAndLogRequestError (C:\Users\Gabriel Kwaku Kusi\Downloads\HLC_AG_SM\backend\node_modules\@prisma\client\runtime\library.js:121:6623)
    at $n.request (C:\Users\Gabriel Kwaku Kusi\Downloads\HLC_AG_SM\backend\node_modules\@prisma\client\runtime\library.js:121:6307)
    at async l (C:\Users\Gabriel Kwaku Kusi\Downloads\HLC_AG_SM\backend\node_modules\@prisma\client\runtime\library.js:130:9633)
    at async C:\Users\Gabriel Kwaku Kusi\Downloads\HLC_AG_SM\backend\node_modules\@nestjs\core\router\router-execution-context.js:46:28
    at async C:\Users\Gabriel Kwaku Kusi\Downloads\HLC_AG_SM\backend\node_modules\@nestjs\core\router\router-proxy.js:9:17
----------------------------------------

[2025-12-18T20:34:52.455Z] Request ID: c97166ef-ad4d-405f-b99c-bbbf8ac8f7bd
Method: GET
URL: /giving/donations
User: {"sub":"14d2d79b-2092-4f8a-b592-e8f0d910a8ba","email":"admin@hlag.com","role":"SUPER_ADMIN","iat":1766089653,"exp":1766090553}
Body: {}
Status: 500
Message: "Internal server error"
Stack: PrismaClientKnownRequestError: 
Invalid `this.prisma.donation.findMany()` invocation in
C:\Users\Gabriel Kwaku Kusi\Downloads\HLC_AG_SM\backend\src\giving\giving.service.ts:56:37

  53 }
  54 
  55 findAllDonations() {
→ 56     return this.prisma.donation.findMany(
The column `Donation.note` does not exist in the current database.
    at $n.handleRequestError (C:\Users\Gabriel Kwaku Kusi\Downloads\HLC_AG_SM\backend\node_modules\@prisma\client\runtime\library.js:121:7315)
    at $n.handleAndLogRequestError (C:\Users\Gabriel Kwaku Kusi\Downloads\HLC_AG_SM\backend\node_modules\@prisma\client\runtime\library.js:121:6623)
    at $n.request (C:\Users\Gabriel Kwaku Kusi\Downloads\HLC_AG_SM\backend\node_modules\@prisma\client\runtime\library.js:121:6307)
    at async l (C:\Users\Gabriel Kwaku Kusi\Downloads\HLC_AG_SM\backend\node_modules\@prisma\client\runtime\library.js:130:9633)
    at async C:\Users\Gabriel Kwaku Kusi\Downloads\HLC_AG_SM\backend\node_modules\@nestjs\core\router\router-execution-context.js:46:28
    at async C:\Users\Gabriel Kwaku Kusi\Downloads\HLC_AG_SM\backend\node_modules\@nestjs\core\router\router-proxy.js:9:17
----------------------------------------

[2025-12-18T20:34:53.580Z] Request ID: 5618a5ae-9874-49ed-954e-9a5094a7c2bd
Method: GET
URL: /giving/donations
User: {"sub":"14d2d79b-2092-4f8a-b592-e8f0d910a8ba","email":"admin@hlag.com","role":"SUPER_ADMIN","iat":1766089653,"exp":1766090553}
Body: {}
Status: 500
Message: "Internal server error"
Stack: PrismaClientKnownRequestError: 
Invalid `this.prisma.donation.findMany()` invocation in
C:\Users\Gabriel Kwaku Kusi\Downloads\HLC_AG_SM\backend\src\giving\giving.service.ts:56:37

  53 }
  54 
  55 findAllDonations() {
→ 56     return this.prisma.donation.findMany(
The column `Donation.note` does not exist in the current database.
    at $n.handleRequestError (C:\Users\Gabriel Kwaku Kusi\Downloads\HLC_AG_SM\backend\node_modules\@prisma\client\runtime\library.js:121:7315)
    at $n.handleAndLogRequestError (C:\Users\Gabriel Kwaku Kusi\Downloads\HLC_AG_SM\backend\node_modules\@prisma\client\runtime\library.js:121:6623)
    at $n.request (C:\Users\Gabriel Kwaku Kusi\Downloads\HLC_AG_SM\backend\node_modules\@prisma\client\runtime\library.js:121:6307)
    at async l (C:\Users\Gabriel Kwaku Kusi\Downloads\HLC_AG_SM\backend\node_modules\@prisma\client\runtime\library.js:130:9633)
    at async C:\Users\Gabriel Kwaku Kusi\Downloads\HLC_AG_SM\backend\node_modules\@nestjs\core\router\router-execution-context.js:46:28
    at async C:\Users\Gabriel Kwaku Kusi\Downloads\HLC_AG_SM\backend\node_modules\@nestjs\core\router\router-proxy.js:9:17
----------------------------------------

[2025-12-18T20:35:27.394Z] Request ID: e2871230-398a-4be3-b984-98a12033ffa0
Method: GET
URL: /chat/admin/all?status=OPEN
User: {"sub":"14d2d79b-2092-4f8a-b592-e8f0d910a8ba","email":"admin@hlag.com","role":"SUPER_ADMIN","iat":1766089653,"exp":1766090553}
Body: {}
Status: 500
Message: "Internal server error"
Stack: PrismaClientKnownRequestError: 
Invalid `this.prisma.chat.findMany()` invocation in
C:\Users\Gabriel Kwaku Kusi\Downloads\HLC_AG_SM\backend\src\chat\chat.service.ts:85:33

  82 async getAllChats(status?: ChatStatus) {
  83     const where = status ? { status } : {};
  84 
→ 85     return this.prisma.chat.findMany(
The table `public.Chat` does not exist in the current database.
    at $n.handleRequestError (C:\Users\Gabriel Kwaku Kusi\Downloads\HLC_AG_SM\backend\node_modules\@prisma\client\runtime\library.js:121:7315)
    at $n.handleAndLogRequestError (C:\Users\Gabriel Kwaku Kusi\Downloads\HLC_AG_SM\backend\node_modules\@prisma\client\runtime\library.js:121:6623)
    at $n.request (C:\Users\Gabriel Kwaku Kusi\Downloads\HLC_AG_SM\backend\node_modules\@prisma\client\runtime\library.js:121:6307)
    at async l (C:\Users\Gabriel Kwaku Kusi\Downloads\HLC_AG_SM\backend\node_modules\@prisma\client\runtime\library.js:130:9633)
    at async C:\Users\Gabriel Kwaku Kusi\Downloads\HLC_AG_SM\backend\node_modules\@nestjs\core\router\router-execution-context.js:46:28
    at async C:\Users\Gabriel Kwaku Kusi\Downloads\HLC_AG_SM\backend\node_modules\@nestjs\core\router\router-proxy.js:9:17
----------------------------------------

[2025-12-18T20:35:28.113Z] Request ID: a7b98aaa-c00c-4e10-8d29-009858394988
Method: GET
URL: /chat/admin/all?status=OPEN
User: {"sub":"14d2d79b-2092-4f8a-b592-e8f0d910a8ba","email":"admin@hlag.com","role":"SUPER_ADMIN","iat":1766089653,"exp":1766090553}
Body: {}
Status: 500
Message: "Internal server error"
Stack: PrismaClientKnownRequestError: 
Invalid `this.prisma.chat.findMany()` invocation in
C:\Users\Gabriel Kwaku Kusi\Downloads\HLC_AG_SM\backend\src\chat\chat.service.ts:85:33

  82 async getAllChats(status?: ChatStatus) {
  83     const where = status ? { status } : {};
  84 
→ 85     return this.prisma.chat.findMany(
The table `public.Chat` does not exist in the current database.
    at $n.handleRequestError (C:\Users\Gabriel Kwaku Kusi\Downloads\HLC_AG_SM\backend\node_modules\@prisma\client\runtime\library.js:121:7315)
    at $n.handleAndLogRequestError (C:\Users\Gabriel Kwaku Kusi\Downloads\HLC_AG_SM\backend\node_modules\@prisma\client\runtime\library.js:121:6623)
    at $n.request (C:\Users\Gabriel Kwaku Kusi\Downloads\HLC_AG_SM\backend\node_modules\@prisma\client\runtime\library.js:121:6307)
    at async l (C:\Users\Gabriel Kwaku Kusi\Downloads\HLC_AG_SM\backend\node_modules\@prisma\client\runtime\library.js:130:9633)
    at async C:\Users\Gabriel Kwaku Kusi\Downloads\HLC_AG_SM\backend\node_modules\@nestjs\core\router\router-execution-context.js:46:28
    at async C:\Users\Gabriel Kwaku Kusi\Downloads\HLC_AG_SM\backend\node_modules\@nestjs\core\router\router-proxy.js:9:17
----------------------------------------

[2025-12-18T20:35:32.007Z] Request ID: 2dcef855-c14f-401a-ab4d-7547f4f6fb3d
Method: GET
URL: /chat/admin/all?status=OPEN
User: {"sub":"14d2d79b-2092-4f8a-b592-e8f0d910a8ba","email":"admin@hlag.com","role":"SUPER_ADMIN","iat":1766089653,"exp":1766090553}
Body: {}
Status: 500
Message: "Internal server error"
Stack: PrismaClientKnownRequestError: 
Invalid `this.prisma.chat.findMany()` invocation in
C:\Users\Gabriel Kwaku Kusi\Downloads\HLC_AG_SM\backend\src\chat\chat.service.ts:85:33

  82 async getAllChats(status?: ChatStatus) {
  83     const where = status ? { status } : {};
  84 
→ 85     return this.prisma.chat.findMany(
The table `public.Chat` does not exist in the current database.
    at $n.handleRequestError (C:\Users\Gabriel Kwaku Kusi\Downloads\HLC_AG_SM\backend\node_modules\@prisma\client\runtime\library.js:121:7315)
    at $n.handleAndLogRequestError (C:\Users\Gabriel Kwaku Kusi\Downloads\HLC_AG_SM\backend\node_modules\@prisma\client\runtime\library.js:121:6623)
    at $n.request (C:\Users\Gabriel Kwaku Kusi\Downloads\HLC_AG_SM\backend\node_modules\@prisma\client\runtime\library.js:121:6307)
    at async l (C:\Users\Gabriel Kwaku Kusi\Downloads\HLC_AG_SM\backend\node_modules\@prisma\client\runtime\library.js:130:9633)
    at async C:\Users\Gabriel Kwaku Kusi\Downloads\HLC_AG_SM\backend\node_modules\@nestjs\core\router\router-execution-context.js:46:28
    at async C:\Users\Gabriel Kwaku Kusi\Downloads\HLC_AG_SM\backend\node_modules\@nestjs\core\router\router-proxy.js:9:17
----------------------------------------

[2025-12-19T11:18:53.956Z] Request ID: 5b2b721e-bed8-49f5-a0d0-9a0326de9af8
Method: POST
URL: /auth/refresh
User: {"sub":"14d2d79b-2092-4f8a-b592-e8f0d910a8ba","email":"admin@hlag.com","role":"SUPER_ADMIN","iat":1766089653,"exp":1766694453,"refreshToken":"eyJhbGciOiJIUzI1NiIsInR5cCI6IkpXVCJ9.eyJzdWIiOiIxNGQyZDc5Yi0yMDkyLTRmOGEtYjU5Mi1lOGYwZDkxMGE4YmEiLCJlbWFpbCI6ImFkbWluQGhsYWcuY29tIiwicm9sZSI6IlNVUEVSX0FETUlOIiwiaWF0IjoxNzY2MDg5NjUzLCJleHAiOjE3NjY2OTQ0NTN9.0PdmLGdjzcBeI6lWXaEW79H9gk1v-hDjoNvW72eRnYA"}
Body: {}
Status: 500
Message: "Internal server error"
Stack: PrismaClientKnownRequestError: 
Invalid `this.prisma.user.findUnique()` invocation in
C:\Users\Gabriel Kwaku Kusi\Downloads\HLC_AG_SM\backend\src\auth\auth.service.ts:112:45

  109 }
  110 
  111 async refreshTokens(userId: string, rt: string): Promise<Tokens> {
→ 112     const user = await this.prisma.user.findUnique(
Can't reach database server at `localhost:5432`

Please make sure your database server is running at `localhost:5432`.
    at $n.handleRequestError (C:\Users\Gabriel Kwaku Kusi\Downloads\HLC_AG_SM\backend\node_modules\@prisma\client\runtime\library.js:121:7315)
    at $n.handleAndLogRequestError (C:\Users\Gabriel Kwaku Kusi\Downloads\HLC_AG_SM\backend\node_modules\@prisma\client\runtime\library.js:121:6623)
    at $n.request (C:\Users\Gabriel Kwaku Kusi\Downloads\HLC_AG_SM\backend\node_modules\@prisma\client\runtime\library.js:121:6307)
    at async l (C:\Users\Gabriel Kwaku Kusi\Downloads\HLC_AG_SM\backend\node_modules\@prisma\client\runtime\library.js:130:9633)
    at async AuthService.refreshTokens (C:\Users\Gabriel Kwaku Kusi\Downloads\HLC_AG_SM\backend\src\auth\auth.service.ts:112:22)
    at async C:\Users\Gabriel Kwaku Kusi\Downloads\HLC_AG_SM\backend\node_modules\@nestjs\core\router\router-execution-context.js:46:28
    at async C:\Users\Gabriel Kwaku Kusi\Downloads\HLC_AG_SM\backend\node_modules\@nestjs\core\router\router-proxy.js:9:17
----------------------------------------

[2025-12-19T11:18:53.982Z] Request ID: 016d6c03-a35f-4fdb-9845-013709fe3ab1
Method: POST
URL: /auth/refresh
User: {"sub":"14d2d79b-2092-4f8a-b592-e8f0d910a8ba","email":"admin@hlag.com","role":"SUPER_ADMIN","iat":1766089653,"exp":1766694453,"refreshToken":"eyJhbGciOiJIUzI1NiIsInR5cCI6IkpXVCJ9.eyJzdWIiOiIxNGQyZDc5Yi0yMDkyLTRmOGEtYjU5Mi1lOGYwZDkxMGE4YmEiLCJlbWFpbCI6ImFkbWluQGhsYWcuY29tIiwicm9sZSI6IlNVUEVSX0FETUlOIiwiaWF0IjoxNzY2MDg5NjUzLCJleHAiOjE3NjY2OTQ0NTN9.0PdmLGdjzcBeI6lWXaEW79H9gk1v-hDjoNvW72eRnYA"}
Body: {}
Status: 500
Message: "Internal server error"
Stack: PrismaClientKnownRequestError: 
Invalid `this.prisma.user.findUnique()` invocation in
C:\Users\Gabriel Kwaku Kusi\Downloads\HLC_AG_SM\backend\src\auth\auth.service.ts:112:45

  109 }
  110 
  111 async refreshTokens(userId: string, rt: string): Promise<Tokens> {
→ 112     const user = await this.prisma.user.findUnique(
Can't reach database server at `localhost:5432`

Please make sure your database server is running at `localhost:5432`.
    at $n.handleRequestError (C:\Users\Gabriel Kwaku Kusi\Downloads\HLC_AG_SM\backend\node_modules\@prisma\client\runtime\library.js:121:7315)
    at $n.handleAndLogRequestError (C:\Users\Gabriel Kwaku Kusi\Downloads\HLC_AG_SM\backend\node_modules\@prisma\client\runtime\library.js:121:6623)
    at $n.request (C:\Users\Gabriel Kwaku Kusi\Downloads\HLC_AG_SM\backend\node_modules\@prisma\client\runtime\library.js:121:6307)
    at async l (C:\Users\Gabriel Kwaku Kusi\Downloads\HLC_AG_SM\backend\node_modules\@prisma\client\runtime\library.js:130:9633)
    at async AuthService.refreshTokens (C:\Users\Gabriel Kwaku Kusi\Downloads\HLC_AG_SM\backend\src\auth\auth.service.ts:112:22)
    at async C:\Users\Gabriel Kwaku Kusi\Downloads\HLC_AG_SM\backend\node_modules\@nestjs\core\router\router-execution-context.js:46:28
    at async C:\Users\Gabriel Kwaku Kusi\Downloads\HLC_AG_SM\backend\node_modules\@nestjs\core\router\router-proxy.js:9:17
----------------------------------------

[2025-12-19T18:34:10.437Z] Request ID: 71cdc330-cfc5-4fef-ad5b-05209abfc43c
Method: GET
URL: /giving/donations
User: {"sub":"14d2d79b-2092-4f8a-b592-e8f0d910a8ba","email":"admin@hlag.com","role":"SUPER_ADMIN","iat":1766169224,"exp":1766170124}
Body: {}
Status: 500
Message: "Internal server error"
Stack: PrismaClientKnownRequestError: 
Invalid `this.prisma.donation.findMany()` invocation in
C:\Users\Gabriel Kwaku Kusi\Downloads\HLC_AG_SM\backend\src\giving\giving.service.ts:56:37

  53 }
  54 
  55 findAllDonations() {
→ 56     return this.prisma.donation.findMany(
The column `Donation.note` does not exist in the current database.
    at $n.handleRequestError (C:\Users\Gabriel Kwaku Kusi\Downloads\HLC_AG_SM\backend\node_modules\@prisma\client\runtime\library.js:121:7315)
    at $n.handleAndLogRequestError (C:\Users\Gabriel Kwaku Kusi\Downloads\HLC_AG_SM\backend\node_modules\@prisma\client\runtime\library.js:121:6623)
    at $n.request (C:\Users\Gabriel Kwaku Kusi\Downloads\HLC_AG_SM\backend\node_modules\@prisma\client\runtime\library.js:121:6307)
    at async l (C:\Users\Gabriel Kwaku Kusi\Downloads\HLC_AG_SM\backend\node_modules\@prisma\client\runtime\library.js:130:9633)
    at async C:\Users\Gabriel Kwaku Kusi\Downloads\HLC_AG_SM\backend\node_modules\@nestjs\core\router\router-execution-context.js:46:28
    at async C:\Users\Gabriel Kwaku Kusi\Downloads\HLC_AG_SM\backend\node_modules\@nestjs\core\router\router-proxy.js:9:17
----------------------------------------

[2025-12-19T18:34:11.258Z] Request ID: 80be19ff-069c-453a-99a7-3fa7b315296d
Method: GET
URL: /giving/donations
User: {"sub":"14d2d79b-2092-4f8a-b592-e8f0d910a8ba","email":"admin@hlag.com","role":"SUPER_ADMIN","iat":1766169224,"exp":1766170124}
Body: {}
Status: 500
Message: "Internal server error"
Stack: PrismaClientKnownRequestError: 
Invalid `this.prisma.donation.findMany()` invocation in
C:\Users\Gabriel Kwaku Kusi\Downloads\HLC_AG_SM\backend\src\giving\giving.service.ts:56:37

  53 }
  54 
  55 findAllDonations() {
→ 56     return this.prisma.donation.findMany(
The column `Donation.note` does not exist in the current database.
    at $n.handleRequestError (C:\Users\Gabriel Kwaku Kusi\Downloads\HLC_AG_SM\backend\node_modules\@prisma\client\runtime\library.js:121:7315)
    at $n.handleAndLogRequestError (C:\Users\Gabriel Kwaku Kusi\Downloads\HLC_AG_SM\backend\node_modules\@prisma\client\runtime\library.js:121:6623)
    at $n.request (C:\Users\Gabriel Kwaku Kusi\Downloads\HLC_AG_SM\backend\node_modules\@prisma\client\runtime\library.js:121:6307)
    at async l (C:\Users\Gabriel Kwaku Kusi\Downloads\HLC_AG_SM\backend\node_modules\@prisma\client\runtime\library.js:130:9633)
    at async C:\Users\Gabriel Kwaku Kusi\Downloads\HLC_AG_SM\backend\node_modules\@nestjs\core\router\router-execution-context.js:46:28
    at async C:\Users\Gabriel Kwaku Kusi\Downloads\HLC_AG_SM\backend\node_modules\@nestjs\core\router\router-proxy.js:9:17
----------------------------------------

[2025-12-19T18:34:27.511Z] Request ID: 8d404ff0-d104-4936-badd-a3f9d83de10f
Method: GET
URL: /giving/donations
User: {"sub":"14d2d79b-2092-4f8a-b592-e8f0d910a8ba","email":"admin@hlag.com","role":"SUPER_ADMIN","iat":1766169224,"exp":1766170124}
Body: {}
Status: 500
Message: "Internal server error"
Stack: PrismaClientKnownRequestError: 
Invalid `this.prisma.donation.findMany()` invocation in
C:\Users\Gabriel Kwaku Kusi\Downloads\HLC_AG_SM\backend\src\giving\giving.service.ts:56:37

  53 }
  54 
  55 findAllDonations() {
→ 56     return this.prisma.donation.findMany(
The column `Donation.note` does not exist in the current database.
    at $n.handleRequestError (C:\Users\Gabriel Kwaku Kusi\Downloads\HLC_AG_SM\backend\node_modules\@prisma\client\runtime\library.js:121:7315)
    at $n.handleAndLogRequestError (C:\Users\Gabriel Kwaku Kusi\Downloads\HLC_AG_SM\backend\node_modules\@prisma\client\runtime\library.js:121:6623)
    at $n.request (C:\Users\Gabriel Kwaku Kusi\Downloads\HLC_AG_SM\backend\node_modules\@prisma\client\runtime\library.js:121:6307)
    at async l (C:\Users\Gabriel Kwaku Kusi\Downloads\HLC_AG_SM\backend\node_modules\@prisma\client\runtime\library.js:130:9633)
    at async C:\Users\Gabriel Kwaku Kusi\Downloads\HLC_AG_SM\backend\node_modules\@nestjs\core\router\router-execution-context.js:46:28
    at async C:\Users\Gabriel Kwaku Kusi\Downloads\HLC_AG_SM\backend\node_modules\@nestjs\core\router\router-proxy.js:9:17
----------------------------------------

[2025-12-19T18:34:28.709Z] Request ID: 875a0471-aa72-4f4e-b4c7-53b8c2128b1a
Method: GET
URL: /giving/payment-configs/admin
User: {"sub":"14d2d79b-2092-4f8a-b592-e8f0d910a8ba","email":"admin@hlag.com","role":"SUPER_ADMIN","iat":1766169224,"exp":1766170124}
Body: {}
Status: 500
Message: "Internal server error"
Stack: PrismaClientKnownRequestError: 
Invalid `this.prisma.paymentConfig.findMany()` invocation in
C:\Users\Gabriel Kwaku Kusi\Downloads\HLC_AG_SM\backend\src\giving\payment-config.service.ts:23:42

  20 }
  21 
  22 async findAllAdmin(): Promise<PaymentConfig[]> {
→ 23     return this.prisma.paymentConfig.findMany(
The table `public.payment_configurations` does not exist in the current database.
    at $n.handleRequestError (C:\Users\Gabriel Kwaku Kusi\Downloads\HLC_AG_SM\backend\node_modules\@prisma\client\runtime\library.js:121:7315)
    at $n.handleAndLogRequestError (C:\Users\Gabriel Kwaku Kusi\Downloads\HLC_AG_SM\backend\node_modules\@prisma\client\runtime\library.js:121:6623)
    at $n.request (C:\Users\Gabriel Kwaku Kusi\Downloads\HLC_AG_SM\backend\node_modules\@prisma\client\runtime\library.js:121:6307)
    at async l (C:\Users\Gabriel Kwaku Kusi\Downloads\HLC_AG_SM\backend\node_modules\@prisma\client\runtime\library.js:130:9633)
    at async C:\Users\Gabriel Kwaku Kusi\Downloads\HLC_AG_SM\backend\node_modules\@nestjs\core\router\router-execution-context.js:46:28
    at async C:\Users\Gabriel Kwaku Kusi\Downloads\HLC_AG_SM\backend\node_modules\@nestjs\core\router\router-proxy.js:9:17
----------------------------------------

[2025-12-19T18:34:28.870Z] Request ID: b007f6fc-9820-4d55-a898-1dfb3497c57c
Method: GET
URL: /giving/donations
User: {"sub":"14d2d79b-2092-4f8a-b592-e8f0d910a8ba","email":"admin@hlag.com","role":"SUPER_ADMIN","iat":1766169224,"exp":1766170124}
Body: {}
Status: 500
Message: "Internal server error"
Stack: PrismaClientKnownRequestError: 
Invalid `this.prisma.donation.findMany()` invocation in
C:\Users\Gabriel Kwaku Kusi\Downloads\HLC_AG_SM\backend\src\giving\giving.service.ts:56:37

  53 }
  54 
  55 findAllDonations() {
→ 56     return this.prisma.donation.findMany(
The column `Donation.note` does not exist in the current database.
    at $n.handleRequestError (C:\Users\Gabriel Kwaku Kusi\Downloads\HLC_AG_SM\backend\node_modules\@prisma\client\runtime\library.js:121:7315)
    at $n.handleAndLogRequestError (C:\Users\Gabriel Kwaku Kusi\Downloads\HLC_AG_SM\backend\node_modules\@prisma\client\runtime\library.js:121:6623)
    at $n.request (C:\Users\Gabriel Kwaku Kusi\Downloads\HLC_AG_SM\backend\node_modules\@prisma\client\runtime\library.js:121:6307)
    at async l (C:\Users\Gabriel Kwaku Kusi\Downloads\HLC_AG_SM\backend\node_modules\@prisma\client\runtime\library.js:130:9633)
    at async C:\Users\Gabriel Kwaku Kusi\Downloads\HLC_AG_SM\backend\node_modules\@nestjs\core\router\router-execution-context.js:46:28
    at async C:\Users\Gabriel Kwaku Kusi\Downloads\HLC_AG_SM\backend\node_modules\@nestjs\core\router\router-proxy.js:9:17
----------------------------------------

[2025-12-19T18:34:29.416Z] Request ID: b3d70e23-5b78-4d00-a41e-8bd0ed6080cf
Method: GET
URL: /giving/payment-configs/admin
User: {"sub":"14d2d79b-2092-4f8a-b592-e8f0d910a8ba","email":"admin@hlag.com","role":"SUPER_ADMIN","iat":1766169224,"exp":1766170124}
Body: {}
Status: 500
Message: "Internal server error"
Stack: PrismaClientKnownRequestError: 
Invalid `this.prisma.paymentConfig.findMany()` invocation in
C:\Users\Gabriel Kwaku Kusi\Downloads\HLC_AG_SM\backend\src\giving\payment-config.service.ts:23:42

  20 }
  21 
  22 async findAllAdmin(): Promise<PaymentConfig[]> {
→ 23     return this.prisma.paymentConfig.findMany(
The table `public.payment_configurations` does not exist in the current database.
    at $n.handleRequestError (C:\Users\Gabriel Kwaku Kusi\Downloads\HLC_AG_SM\backend\node_modules\@prisma\client\runtime\library.js:121:7315)
    at $n.handleAndLogRequestError (C:\Users\Gabriel Kwaku Kusi\Downloads\HLC_AG_SM\backend\node_modules\@prisma\client\runtime\library.js:121:6623)
    at $n.request (C:\Users\Gabriel Kwaku Kusi\Downloads\HLC_AG_SM\backend\node_modules\@prisma\client\runtime\library.js:121:6307)
    at async l (C:\Users\Gabriel Kwaku Kusi\Downloads\HLC_AG_SM\backend\node_modules\@prisma\client\runtime\library.js:130:9633)
    at async C:\Users\Gabriel Kwaku Kusi\Downloads\HLC_AG_SM\backend\node_modules\@nestjs\core\router\router-execution-context.js:46:28
    at async C:\Users\Gabriel Kwaku Kusi\Downloads\HLC_AG_SM\backend\node_modules\@nestjs\core\router\router-proxy.js:9:17
----------------------------------------
